[dotenv@17.3.1] injecting env (3) from .env -- tip: ≡ƒ¢á∩╕Å  run anywhere with `dotenvx run -- yourcommand`
[dotenv@17.3.1] injecting env (0) from .env -- tip: ≡ƒöÉ prevent building .env in docker: https://dotenvx.com/prebuild
Running extraction...

≡ƒÜÇ Launching Puppeteer DNA Extractor for: https://mazda.com
Γ£à Page loaded. Executing auto-scroll to trigger lazy rendering...
Γ£à Auto-scrolling complete.
≡ƒº¼ Extracting DOM data...
≡ƒô╕ Taking full-page screenshot...
≡ƒû╝∩╕Å Screenshot saved to: C:\_Minfo\Dev\_New Minfo\Website DNA extractor\outputs\screenshot_1772007131838.png
≡ƒû╝∩╕Å Resizing logo and images...
≡ƒöì Extracted Raw Logo URL: https://www.mazda.com/etc.clientlibs/mazda-com/clientlibs/clientlib-site/resources/images/apple-touch-icon.png?202510
≡ƒñû Requesting Gemini 1.5 Pro to write Image Prompts based on DNA...
≡ƒû╝∩╕Å Generating Image Variations (Natively compositing text for pixel-perfect sets)...
≡ƒÄ¿ Generating Base Image A...
≡ƒÄ¿ Requesting Vertex AI Imagen (1:1 Native Generation): A pristine, breathtaking bright, inviting, premium commercia...
Γ£à Vertex AI Imagen Generation successful!
Γ£à Saved clean_A
≡ƒæü∩╕Å Analyzing image to find safest text zone...
ΓÜá∩╕Å Vision analysis fallback triggered (defaulting to TOP).
≡ƒÄ» Vision recommended text placement: TOP
Γ£ì∩╕Å Overlaying text 'Discover MAZDA'...
Γ£à Saved text_A
≡ƒÄ¿ Generating Base Image B...
≡ƒÄ¿ Requesting Vertex AI Imagen (1:1 Native Generation): A bright, creative, energetic bright, inviting, premium comm...
Γ£à Vertex AI Imagen Generation successful!
Γ£à Saved clean_B
≡ƒæü∩╕Å Analyzing image to find safest text zone...
ΓÜá∩╕Å Vision analysis fallback triggered (defaulting to TOP).
≡ƒÄ» Vision recommended text placement: TOP
Γ£ì∩╕Å Overlaying text 'Experience MAZDA'...
Γ£à Saved text_B

--- Extraction Results ---
Brand Name: MAZDA MOTOR CORPORATION GLOBAL WEBSITE
Extracted Logo: /outputs/logo_256_1772007131838.png

Generated Featured Images:
[
  '/outputs/img_640_clean_A_1772007131838.jpg',
  '/outputs/img_640_text_A_1772007131838.jpg',
  '/outputs/img_640_clean_B_1772007131838.jpg',
  '/outputs/img_640_text_B_1772007131838.jpg'
]
